cargo :    Compiling erdps-agent v0.1.0 (D:\projecttttttttts\project-ransolution\agent)
Au caractère Ligne:1 : 52
+ ... tttttts\project-ransolution\agent ; cargo test > test_output.txt 2>&1
+                                         ~~~~~~~~~~~~~~~~~~~~~~~~~~~~~~~~~
    + CategoryInfo          : NotSpecified: (   Compiling er...solution\agent):String) [], RemoteException
    + FullyQualifiedErrorId : NativeCommandError
 
error[E0433]: failed to resolve: could not find `memory` in `erdps_agent`
  --> tests\simple_memory_test.rs:3:18
   |
3  | use erdps_agent::memory::forensics_engine::{
   |                  ^^^^^^ could not find `memory` in `erdps_agent`
   |
note: found an item that was configured out
  --> D:\projecttttttttts\project-ransolution\agent\src\lib.rs:76:9
   |
76 | pub mod memory;
   |         ^^^^^^
note: the item is gated behind the `memory-forensics` feature
  --> D:\projecttttttttts\project-ransolution\agent\src\lib.rs:75:7
   |
75 | #[cfg(feature = "memory-forensics")]
   |       ^^^^^^^^^^^^^^^^^^^^^^^^^^^^

error: unused import: `std::time::SystemTime`
 --> tests\simple_memory_test.rs:6:5
  |
6 | use std::time::SystemTime;
  |     ^^^^^^^^^^^^^^^^^^^^^
  |
  = note: `-D unused-imports` implied by `-D warnings`
  = help: to override `-D warnings` add `#[allow(unused_imports)]`

error[E0432]: unresolved import `serial_test`
  --> tests\ember_response_tests.rs:15:5
   |
15 | use serial_test::serial;
   |     ^^^^^^^^^^^ use of unresolved module or unlinked crate `serial_test`
   |
   = help: if you wanted to use a crate named `serial_test`, use `cargo add serial_test` to add it to your `Cargo.toml`

error: unused import: `anyhow::Result`
  --> tests\ember_response_tests.rs:14:5
   |
14 | use anyhow::Result;
   |     ^^^^^^^^^^^^^^
   |
   = note: `-D unused-imports` implied by `-D warnings`
   = help: to override `-D warnings` add `#[allow(unused_imports)]`

error: unused imports: `PathBuf` and `Path`
  --> tests\ember_response_tests.rs:16:17
   |
16 | use std::path::{Path, PathBuf};
   |                 ^^^^  ^^^^^^^

error: unused import: `tempfile::TempDir`
  --> tests\ember_response_tests.rs:17:5
   |
17 | use tempfile::TempDir;
   |     ^^^^^^^^^^^^^^^^^

error: unused import: `tokio::fs as tokio_fs`
  --> tests\ember_response_tests.rs:18:5
   |
18 | use tokio::fs as tokio_fs;
   |     ^^^^^^^^^^^^^^^^^^^^^

error[E0432]: unresolved import `erdps_agent::behavioral`
  --> tests\behavioral_performance_test.rs:2:18
   |
2  | use erdps_agent::behavioral::BehavioralAnalysisEngine;
   |                  ^^^^^^^^^^ could not find `behavioral` in `erdps_agent`
   |
note: found an item that was configured out
  --> D:\projecttttttttts\project-ransolution\agent\src\lib.rs:66:9
   |
66 | pub mod behavioral;
   |         ^^^^^^^^^^
note: the item is gated behind the `behavioral-analysis` feature
  --> D:\projecttttttttts\project-ransolution\agent\src\lib.rs:65:7
   |
65 | #[cfg(feature = "behavioral-analysis")]
   |       ^^^^^^^^^^^^^^^^^^^^^^^^^^^^^^^

error[E0432]: unresolved import `erdps_agent::behavioral`
  --> tests\simple_performance_test.rs:2:18
   |
2  | use erdps_agent::behavioral::BehavioralAnalysisEngine;
   |                  ^^^^^^^^^^ could not find `behavioral` in `erdps_agent`
   |
note: found an item that was configured out
  --> D:\projecttttttttts\project-ransolution\agent\src\lib.rs:66:9
   |
66 | pub mod behavioral;
   |         ^^^^^^^^^^
note: the item is gated behind the `behavioral-analysis` feature
  --> D:\projecttttttttts\project-ransolution\agent\src\lib.rs:65:7
   |
65 | #[cfg(feature = "behavioral-analysis")]
   |       ^^^^^^^^^^^^^^^^^^^^^^^^^^^^^^^

error[E0433]: failed to resolve: could not find `ml` in `erdps_agent`
  --> tests\memory_forensics_performance_test.rs:7:18
   |
7  | use erdps_agent::ml::anomaly_detector::{BehavioralFeatures, AnomalyDetectorConfig};
   |                  ^^ could not find `ml` in `erdps_agent`
   |
note: found an item that was configured out
  --> D:\projecttttttttts\project-ransolution\agent\src\lib.rs:84:9
   |
84 | pub mod ml;
   |         ^^
note: the item is gated behind the `ml-engine` feature
  --> D:\projecttttttttts\project-ransolution\agent\src\lib.rs:83:7
   |
83 | #[cfg(feature = "ml-engine")]
   |       ^^^^^^^^^^^^^^^^^^^^^

error[E0432]: unresolved import `erdps_agent::memory`
  --> tests\memory_forensics_performance_test.rs:4:18
   |
4  | use erdps_agent::memory::{
   |                  ^^^^^^ could not find `memory` in `erdps_agent`
   |
note: found an item that was configured out
  --> D:\projecttttttttts\project-ransolution\agent\src\lib.rs:76:9
   |
76 | pub mod memory;
   |         ^^^^^^
note: the item is gated behind the `memory-forensics` feature
  --> D:\projecttttttttts\project-ransolution\agent\src\lib.rs:75:7
   |
75 | #[cfg(feature = "memory-forensics")]
   |       ^^^^^^^^^^^^^^^^^^^^^^^^^^^^

error[E0432]: unresolved import `erdps_agent::behavioral`
  --> tests\memory_forensics_performance_test.rs:9:18
   |
9  | use erdps_agent::behavioral::{BehavioralAnalysisEngine, BehavioralConfig};
   |                  ^^^^^^^^^^ could not find `behavioral` in `erdps_agent`
   |
note: found an item that was configured out
  --> D:\projecttttttttts\project-ransolution\agent\src\lib.rs:66:9
   |
66 | pub mod behavioral;
   |         ^^^^^^^^^^
note: the item is gated behind the `behavioral-analysis` feature
  --> D:\projecttttttttts\project-ransolution\agent\src\lib.rs:65:7
   |
65 | #[cfg(feature = "behavioral-analysis")]
   |       ^^^^^^^^^^^^^^^^^^^^^^^^^^^^^^^

For more information about this error, try `rustc --explain E0432`.
For more information about this error, try `rustc --explain E0433`.
error: could not compile `erdps-agent` (test "simple_memory_test") due to 2 previous errors
warning: build failed, waiting for other jobs to finish...
error: could not compile `erdps-agent` (test "ember_response_tests") due to 5 previous errors
error: could not compile `erdps-agent` (test "simple_performance_test") due to 1 previous error
error: could not compile `erdps-agent` (test "behavioral_performance_test") due to 1 previous error
error[E0432]: unresolved import `erdps_agent::network::flow_analyzer::ProductionFlowAnalyzer`
 --> tests\network_performance_validation.rs:9:32
  |
9 |     NetworkIntelligenceEngine, flow_analyzer::ProductionFlowAnalyzer,
  |                                ^^^^^^^^^^^^^^^^^^^^^^^^^^^^^^^^^^^^^ no `ProductionFlowAnalyzer` in `network::flow_analyzer`
  |
  = help: consider importing this struct instead:
          erdps_agent::network::ProductionFlowAnalyzer

error[E0061]: this function takes 1 argument but 0 arguments were supplied
   --> tests\network_performance_validation.rs:47:27
    |
47  |     let beacon_detector = AdvancedBeaconDetector::new();
    |                           ^^^^^^^^^^^^^^^^^^^^^^^^^^^-- argument #1 of type `BeaconDetectorConfig` is missing
    |
note: associated function defined here
   --> D:\projecttttttttts\project-ransolution\agent\src\network\beacon_detector.rs:194:12
    |
194 |     pub fn new(config: BeaconDetectorConfig) -> Result<Self> {
    |            ^^^
help: provide the argument
    |
47  |     let beacon_detector = AdvancedBeaconDetector::new(/* BeaconDetectorConfig */);
    |                                                       ++++++++++++++++++++++++++

error[E0277]: `dyn std::error::Error` cannot be sent between threads safely
   --> tests\network_performance_validation.rs:169:35
    |
169 |           let handle = tokio::spawn(async move {
    |  ______________________------------_^
    | |                      |
    | |                      required by a bound introduced by this call
170 | |             simulate_network_analysis(engine_clone, i).await
171 | |         });
    | |_________^ `dyn std::error::Error` cannot be sent between threads safely
    |
    = help: the trait `Send` is not implemented for `dyn std::error::Error`
    = note: required for `Unique<dyn std::error::Error>` to implement `Send`
note: required because it appears within the type `Box<dyn std::error::Error>`
   --> C:\Users\GACEB\.rustup\toolchains\stable-x86_64-pc-windows-msvc\lib/rustlib/src/rust\library\alloc\src\boxed.rs:231:12
    |
231 | pub struct Box<
    |            ^^^
note: required because it appears within the type `Result<(), Box<dyn std::error::Error>>`
   --> C:\Users\GACEB\.rustup\toolchains\stable-x86_64-pc-windows-msvc\lib/rustlib/src/rust\library\core\src\result.rs:548:10
    |
548 | pub enum Result<T, E> {
    |          ^^^^^^
note: required by a bound in `tokio::spawn`
   --> C:\Users\GACEB\.cargo\registry\src\index.crates.io-1949cf8c6b5b557f\tokio-1.47.1\src\task\spawn.rs:169:20
    |
166 |     pub fn spawn<F>(future: F) -> JoinHandle<F::Output>
    |            ----- required by a bound in this function
...
169 |         F::Output: Send + 'static,
    |                    ^^^^ required by this bound in `spawn`

Some errors have detailed explanations: E0061, E0277, E0432.
For more information about an error, try `rustc --explain E0061`.
error[E0433]: failed to resolve: could not find `behavioral` in `erdps_agent`
   --> tests\memory_forensics_performance_test.rs:306:38
    |
306 |         api_monitoring: erdps_agent::behavioral::analysis_engine::ApiMonitoringConfig::default(),
    |                                      ^^^^^^^^^^ could not find `behavioral` in `erdps_agent`
    |
note: found an item that was configured out
   --> D:\projecttttttttts\project-ransolution\agent\src\lib.rs:66:9
    |
66  | pub mod behavioral;
    |         ^^^^^^^^^^
note: the item is gated behind the `behavioral-analysis` feature
   --> D:\projecttttttttts\project-ransolution\agent\src\lib.rs:65:7
    |
65  | #[cfg(feature = "behavioral-analysis")]
    |       ^^^^^^^^^^^^^^^^^^^^^^^^^^^^^^^

error: could not compile `erdps-agent` (test "network_performance_validation") due to 3 previous errors
error[E0433]: failed to resolve: could not find `behavioral` in `erdps_agent`
   --> tests\memory_forensics_performance_test.rs:330:26
    |
330 |             erdps_agent::behavioral::analysis_engine::BehaviorAnalysisResult {
    |                          ^^^^^^^^^^ could not find `behavioral` in `erdps_agent`
    |
note: found an item that was configured out
   --> D:\projecttttttttts\project-ransolution\agent\src\lib.rs:66:9
    |
66  | pub mod behavioral;
    |         ^^^^^^^^^^
note: the item is gated behind the `behavioral-analysis` feature
   --> D:\projecttttttttts\project-ransolution\agent\src\lib.rs:65:7
    |
65  | #[cfg(feature = "behavioral-analysis")]
    |       ^^^^^^^^^^^^^^^^^^^^^^^^^^^^^^^

error[E0433]: failed to resolve: could not find `behavioral` in `erdps_agent`
   --> tests\memory_forensics_performance_test.rs:338:50
    |
338 |                 recommended_action: erdps_agent::behavioral::analysis_engine::RecommendedAction::Monitor,
    |                                                  ^^^^^^^^^^ could not find `behavioral` in `erdps_agent`
    |
note: found an item that was configured out
   --> D:\projecttttttttts\project-ransolution\agent\src\lib.rs:66:9
    |
66  | pub mod behavioral;
    |         ^^^^^^^^^^
note: the item is gated behind the `behavioral-analysis` feature
   --> D:\projecttttttttts\project-ransolution\agent\src\lib.rs:65:7
    |
65  | #[cfg(feature = "behavioral-analysis")]
    |       ^^^^^^^^^^^^^^^^^^^^^^^^^^^^^^^
help: consider importing one of these enums
    |
1   + use erdps_agent::detection::signature::RecommendedAction;
    |
1   + use erdps_agent::network::RecommendedAction;
    |
help: if you import `RecommendedAction`, refer to it directly
    |
338 -                 recommended_action: erdps_agent::behavioral::analysis_engine::RecommendedAction::Monitor,
338 +                 recommended_action: RecommendedAction::Monitor,
    |

error[E0433]: failed to resolve: use of undeclared type `MLAnomalyDetector`
   --> tests\memory_forensics_performance_test.rs:203:24
    |
203 |     let mut detector = MLAnomalyDetector::new(config).unwrap();
    |                        ^^^^^^^^^^^^^^^^^ use of undeclared type `MLAnomalyDetector`

error[E0433]: failed to resolve: use of undeclared type `MLAnomalyDetector`
   --> tests\memory_forensics_performance_test.rs:240:24
    |
240 |     let mut detector = MLAnomalyDetector::new(config).unwrap();
    |                        ^^^^^^^^^^^^^^^^^ use of undeclared type `MLAnomalyDetector`

error[E0433]: failed to resolve: use of undeclared type `MLAnomalyDetector`
   --> tests\memory_forensics_performance_test.rs:313:24
    |
313 |     let mut detector = MLAnomalyDetector::new(config).unwrap();
    |                        ^^^^^^^^^^^^^^^^^ use of undeclared type `MLAnomalyDetector`

error[E0433]: failed to resolve: use of undeclared type `MLAnomalyDetector`
   --> tests\memory_forensics_performance_test.rs:426:24
    |
426 |     let mut detector = MLAnomalyDetector::new(config).unwrap();
    |                        ^^^^^^^^^^^^^^^^^ use of undeclared type `MLAnomalyDetector`

Some errors have detailed explanations: E0432, E0433.
For more information about an error, try `rustc --explain E0432`.
error: could not compile `erdps-agent` (test "memory_forensics_performance_test") due to 10 previous errors
