cargo :    Compiling erdps-agent v0.1.0 (D:\projecttttttttts\project-ransolution\agent)
Au caractère Ligne:1 : 52
+ ... tion\agent ; cargo test --message-format=short > test_errors.txt 2>&1
+                  ~~~~~~~~~~~~~~~~~~~~~~~~~~~~~~~~~~~~~~~~~~~~~~~~~~~~~~~~
    + CategoryInfo          : NotSpecified: (   Compiling er...solution\agent):String) [], RemoteException
    + FullyQualifiedErrorId : NativeCommandError
 
tests\simple_memory_test.rs:3:18: error[E0433]: failed to resolve: could not find `memory` in `erdps_agent`: could not find `memory` in 
`erdps_agent`
tests\simple_memory_test.rs:6:5: error: unused import: `std::time::SystemTime`
error: could not compile `erdps-agent` (test "simple_memory_test") due to 2 previous errors
warning: build failed, waiting for other jobs to finish...
